// Jest Snapshot v1, https://goo.gl/fbAQLP

exports[`Snapshot match 1`] = `
<main>
  <ThemedBanner
    composeTheme="deeply"
    imageSrc="/themes/wipro/learn/banner.jpg"
    link={null}
    mapThemrProps={[Function]}
    text="Our continuously evolving structured learning paths, constantly abreast of the latest, tailored for employees to deepen your knowledge, infuses important software capabilities that are industry specific and help you get the skills you need to succeed."
    theme={
      Object {
        "container": "src-shared-components-tc-communities-communities-wipro-Learn-___style__bannerContainer___1MiM0",
        "content": "src-shared-components-tc-communities-communities-wipro-Learn-___style__bannerContent___2rbyc",
        "contentInner": "src-shared-components-tc-communities-communities-wipro-Learn-___style__bannerContentInner___4smdO",
      }
    }
    title="Learning & Certification"
  />
  <ThemedSection
    anchor={null}
    composeTheme="deeply"
    link={
      Object {
        "title": "Continue",
        "url": "https://topgear-app.wipro.com",
      }
    }
    mapThemrProps={[Function]}
    theme={Object {}}
    title={null}
  >
    <div
      className="src-shared-components-tc-communities-communities-wipro-Learn-___style__message___WgkPL"
    >
      <p>
        If  you are accessing TopGear Learning Platform from Wipro backbone network, click on continue to access the platform.
      </p>
      <p>
        To access TopGear Learning Platform outside of Wipro network, please follow the below  instructions:
      </p>
      <p>
        Send an email to 
        <a
          href="mailto:devenvaccessreq.topgear@wipro.com?subject=Internet%20TopGear%20portal%20access"
        >
          devenvaccessreq.topgear@wipro.com
        </a>
          with subject line 
        <em>
          Internet TopGear portal access
        </em>
        . You will receive an email within 24 hours  with details for accessing TopGear portal  through Virtual Desktop. Using Virtual Desktop you can access 
        <a
          href="https://topgear-app.wipro.com/"
        >
          https://topgear-app.wipro.com
        </a>
         to learn new technologies.
      </p>
    </div>
  </ThemedSection>
</main>
`;
