// Jest Snapshot v1, https://goo.gl/fbAQLP

exports[`Matches shallow shapshot 1`] = `
<div
  className="undefined  undefined"
>
  <div
    className="undefined undefined"
  >
    <span>
      filter
    </span>
    <button
      onClick={[Function]}
      type="button"
    >
      <IconCloseBig
        height="14"
        viewBox="0 0 14 14"
        width="14"
        xmlns="http://www.w3.org/2000/svg"
      />
    </button>
  </div>
  <div>
    <div>
      <span>
        category
      </span>
    </div>
    <ThemedFilterRadioInner
      className=""
      composeAdhocTheme="deeply"
      composeContextTheme="softly"
      mapThemrProps={[Function]}
      onSelected={[Function]}
      options={Array []}
      selected={null}
      themePriority="adhoc-context-default"
    />
  </div>
  <div>
    <button
      className="undefined undefined"
      onClick={[Function]}
      type="button"
    >
      <span>
        sub category
      </span>
      <IconArrowUpSmall
        height="8"
        viewBox="0 0 12 8"
        width="12"
        xmlns="http://www.w3.org/2000/svg"
      />
    </button>
  </div>
  <div>
    <div
      type="button"
    >
      <span>
        filter
      </span>
    </div>
    <ThemedFilterTagsInner
      composeAdhocTheme="deeply"
      composeContextTheme="softly"
      mapThemrProps={[Function]}
      onAddNewTag={[Function]}
      onRemoveTag={[Function]}
      tags={Array []}
      themePriority="adhoc-context-default"
    />
    <ThemedFilterAuthorInner
      className=""
      composeAdhocTheme="deeply"
      composeContextTheme="softly"
      mapThemrProps={[Function]}
      onSelected={[Function]}
      options={Array []}
      selected=""
      themePriority="adhoc-context-default"
    />
    <ThemedFilterDateInner
      className=""
      composeAdhocTheme="deeply"
      composeContextTheme="softly"
      endDate={null}
      mapThemrProps={[Function]}
      onSelectEndDate={[Function]}
      onSelectStartDate={[Function]}
      startDate={null}
      themePriority="adhoc-context-default"
    />
  </div>
  <div>
    <button
      type="button"
    >
      APPLY FILTER
    </button>
  </div>
</div>
`;
