// Jest Snapshot v1, https://goo.gl/fbAQLP

exports[`matches snapshots 1`] = `
<div>
  Initial State: no data, and not loading yet.
</div>
`;
