// Jest Snapshot v1, https://goo.gl/fbAQLP

exports[`Matches shallow shapshot 1`] = `
<div>
  <h1>
    react-css-themr test/demo
  </h1>
  NOTE: Our setup cannot guarantee the order of different styles in the extracted CSS bundle, thus it cannot guarantee proper deep merge of theme sources according to their priority. You have to use !important directives to ensure the proper merging.
  <h3>
    Default theme
  </h3>
  <ThemedThemableComponent
    composeTheme="deeply"
    mapThemrProps={[Function]}
  />
  <h3>
    Default theme + Parent-provided styling
  </h3>
  <ThemedThemableComponent
    composeTheme="deeply"
    mapThemrProps={[Function]}
    theme={
      Object {
        "box": "src-shared-components-examples-Themr-___style__box___2VpH5",
        "text": "src-shared-components-examples-Themr-___style__text___3B1uO",
      }
    }
  />
  <h3>
    Default theme + Context styling
  </h3>
  <ThemeProvider
    theme={
      Object {
        "ThemableComponent": Object {
          "box": "src-shared-components-examples-Themr-___contextStyle__box___Rvwpa",
          "text": "src-shared-components-examples-Themr-___contextStyle__text___97Tbl",
        },
      }
    }
  >
    <ThemedThemableComponent
      composeTheme="deeply"
      mapThemrProps={[Function]}
    />
  </ThemeProvider>
  <h3>
    Default theme + Context styling + Parent-provided styling
  </h3>
  <ThemeProvider
    theme={
      Object {
        "ThemableComponent": Object {
          "box": "src-shared-components-examples-Themr-___contextStyle__box___Rvwpa",
          "text": "src-shared-components-examples-Themr-___contextStyle__text___97Tbl",
        },
      }
    }
  >
    <ThemedThemableComponent
      composeTheme="deeply"
      mapThemrProps={[Function]}
      theme={
        Object {
          "box": "src-shared-components-examples-Themr-___style__box___2VpH5",
          "text": "src-shared-components-examples-Themr-___style__text___3B1uO",
        }
      }
    />
  </ThemeProvider>
  <h3>
    Default theme + Context styling, inject async with 3 sec delay
  </h3>
  <p>
    When you look into the source code, pay attention to the change of key property of ThemeProvider!
  </p>
  <ThemeProvider
    theme={Object {}}
  >
    <ThemedThemableComponent
      composeTheme="deeply"
      mapThemrProps={[Function]}
    />
  </ThemeProvider>
</div>
`;
