// Jest Snapshot v1, https://goo.gl/fbAQLP

exports[`Matches shallow shapshot 1`] = `
<div
  className="src-shared-components-Dashboard-MyChallenges-___styles__challenges___2Vw3T"
>
  <header>
    <div
      className="src-shared-components-Dashboard-MyChallenges-___styles__section-title___N9E4r"
    >
      <h1
        className="src-shared-components-Dashboard-MyChallenges-___styles__active___2_ruk"
        onClick={[Function]}
      >
        My Challenges
      </h1>
      <h1
        className=""
        onClick={[Function]}
      >
        My Communities
      </h1>
    </div>
    <div
      className="src-shared-components-Dashboard-MyChallenges-___styles__challenge-view-toggle___1YLdw"
    >
      <button
        className="src-shared-components-Dashboard-MyChallenges-___styles__tile___oTOym src-shared-components-Dashboard-MyChallenges-___styles__disabled___2F5Mc"
        onClick={[Function]}
      >
        Grid
      </button>
      <button
        className="src-shared-components-Dashboard-MyChallenges-___styles__list___g5hzn"
        onClick={[Function]}
      >
        List
      </button>
    </div>
  </header>
  <section
    className="src-shared-components-Dashboard-MyChallenges-___styles__hasChallenges___1MsSz"
  >
    <div
      className="src-shared-components-Dashboard-MyChallenges-___styles__challenges___2Vw3T src-shared-components-Dashboard-MyChallenges-___styles__tile-view___1am8R"
    >
      <ChallengeFilter
        groups={
          Array [
            Object {
              "id": "",
              "name": "All communities",
              "number": 1,
            },
            Object {
              "id": "1",
              "name": "group 1",
              "number": 0,
            },
            Object {
              "id": "2",
              "name": "group 2",
              "number": 1,
            },
          ]
        }
        selectGroup={[Function]}
        selectedGroupId=""
      />
      <ChallengeTile
        challenge={
          Object {
            "groupLabel": "group 2",
            "groups": Object {
              "2": true,
            },
            "id": "1",
          }
        }
        viewMode="tile"
      />
    </div>
  </section>
  <div
    className="src-shared-components-Dashboard-MyChallenges-___styles__my-challenges-links___rJaly"
  >
    <a
      href="https://www.topcoder-dev.com/my-challenges/?status=active"
    >
      View More
    </a>
    <a
      href="https://www.topcoder-dev.com/my-challenges/?status=completed"
    >
      Past Challenges
    </a>
  </div>
</div>
`;
