// Jest Snapshot v1, https://goo.gl/fbAQLP

exports[`renders correctly 1`] = `
<button
  className="tc-btn tc-blue-btn"
  onClick={[Function]}
/>
`;
