// Jest Snapshot v1, https://goo.gl/fbAQLP

exports[`Matches shallow shapshot 1`] = `
<Select
  addLabelText="Add \\"{label}\\"?"
  arrowRenderer={[Function]}
  autosize={false}
  backspaceRemoves={true}
  backspaceToRemoveMessage="Press backspace to remove {label}"
  className="src-shared-components-Select-___style__select___oXBnl"
  clearAllText="Clear all"
  clearRenderer={[Function]}
  clearValueText="Clear value"
  clearable={true}
  deleteRemoves={true}
  delimiter=","
  disabled={false}
  escapeClearsValue={true}
  filterOptions={[Function]}
  id="id"
  ignoreAccents={true}
  ignoreCase={true}
  inputProps={Object {}}
  isLoading={false}
  joinValues={false}
  labelKey="label"
  matchPos="any"
  matchProp="any"
  menuBuffer={0}
  menuRenderer={[Function]}
  multi={false}
  noResultsText="No results found"
  onBlurResetsInput={true}
  onCloseResetsInput={true}
  openAfterFocus={false}
  optionComponent={[Function]}
  pageSize={5}
  placeholder="Select..."
  required={false}
  scrollMenuIntoView={true}
  searchable={true}
  simpleValue={false}
  tabSelectsValue={true}
  valueComponent={[Function]}
  valueKey="value"
/>
`;
