// Jest Snapshot v1, https://goo.gl/fbAQLP

exports[`Matches shallow shapshot 1`] = `
<table
  className="src-shared-components-Leaderboard-LeaderboardTable-___styles__LeaderboardTable___3gXz5"
>
  <thead>
    <tr>
      <th
        className="src-shared-components-Leaderboard-LeaderboardTable-___styles__col-rank___2K_CR"
      >
        Rank
      </th>
      <th>
        Â 
      </th>
      <th
        className="src-shared-components-Leaderboard-LeaderboardTable-___styles__col-handle___3Sr8G"
      >
        Handle
      </th>
      <th
        className="src-shared-components-Leaderboard-LeaderboardTable-___styles__col-challenges___29htm"
      >
        # of Challenges
      </th>
      <th
        className="src-shared-components-Leaderboard-LeaderboardTable-___styles__col-points___10Lis"
      >
        Points
      </th>
    </tr>
  </thead>
  <tbody>
    <tr>
      <td
        className="src-shared-components-Leaderboard-LeaderboardTable-___styles__col-rank___2K_CR"
      >
        1
      </td>
      <td
        className="src-shared-components-Leaderboard-LeaderboardTable-___styles__col-avatar___1xu8j"
      >
        <span
          className="src-shared-components-Leaderboard-LeaderboardTable-___styles__leaderboard-avatar___3Ly7x"
        >
          <ThemedAvatar
            composeTheme="deeply"
            customStyles={null}
            mapThemrProps={[Function]}
            theme={
              Object {
                "avatar": "src-shared-components-Leaderboard-___avatarStyles__default___1bHTz",
              }
            }
            url={null}
          />
        </span>
      </td>
      <td
        className="src-shared-components-Leaderboard-LeaderboardTable-___styles__col-handle___3Sr8G"
      >
        <a
          href="https://www.topcoder-dev.com/members/undefined/"
        />
        <div
          className="src-shared-components-Leaderboard-LeaderboardTable-___styles__winnings-info___1Fiyn"
        >
          <span>
             points
          </span>
          <span>
             challenges
          </span>
        </div>
      </td>
      <td
        className="src-shared-components-Leaderboard-LeaderboardTable-___styles__col-challenges___29htm"
      />
      <td
        className="src-shared-components-Leaderboard-LeaderboardTable-___styles__col-points___10Lis"
      />
    </tr>
    <tr>
      <td
        className="src-shared-components-Leaderboard-LeaderboardTable-___styles__col-rank___2K_CR"
      >
        1
      </td>
      <td
        className="src-shared-components-Leaderboard-LeaderboardTable-___styles__col-avatar___1xu8j"
      >
        <span
          className="src-shared-components-Leaderboard-LeaderboardTable-___styles__leaderboard-avatar___3Ly7x"
        >
          <ThemedAvatar
            composeTheme="deeply"
            customStyles={null}
            mapThemrProps={[Function]}
            theme={
              Object {
                "avatar": "src-shared-components-Leaderboard-___avatarStyles__default___1bHTz",
              }
            }
            url={null}
          />
        </span>
      </td>
      <td
        className="src-shared-components-Leaderboard-LeaderboardTable-___styles__col-handle___3Sr8G"
      >
        <a
          href="https://www.topcoder-dev.com/members/undefined/"
        />
        <div
          className="src-shared-components-Leaderboard-LeaderboardTable-___styles__winnings-info___1Fiyn"
        >
          <span>
             points
          </span>
          <span>
             challenges
          </span>
        </div>
      </td>
      <td
        className="src-shared-components-Leaderboard-LeaderboardTable-___styles__col-challenges___29htm"
      />
      <td
        className="src-shared-components-Leaderboard-LeaderboardTable-___styles__col-points___10Lis"
      />
    </tr>
    <tr>
      <td
        className="src-shared-components-Leaderboard-LeaderboardTable-___styles__col-rank___2K_CR"
      >
        1
      </td>
      <td
        className="src-shared-components-Leaderboard-LeaderboardTable-___styles__col-avatar___1xu8j"
      >
        <span
          className="src-shared-components-Leaderboard-LeaderboardTable-___styles__leaderboard-avatar___3Ly7x"
        >
          <ThemedAvatar
            composeTheme="deeply"
            customStyles={null}
            mapThemrProps={[Function]}
            theme={
              Object {
                "avatar": "src-shared-components-Leaderboard-___avatarStyles__default___1bHTz",
              }
            }
            url={null}
          />
        </span>
      </td>
      <td
        className="src-shared-components-Leaderboard-LeaderboardTable-___styles__col-handle___3Sr8G"
      >
        <a
          href="https://www.topcoder-dev.com/members/undefined/"
        />
        <div
          className="src-shared-components-Leaderboard-LeaderboardTable-___styles__winnings-info___1Fiyn"
        >
          <span>
             points
          </span>
          <span>
             challenges
          </span>
        </div>
      </td>
      <td
        className="src-shared-components-Leaderboard-LeaderboardTable-___styles__col-challenges___29htm"
      />
      <td
        className="src-shared-components-Leaderboard-LeaderboardTable-___styles__col-points___10Lis"
      />
    </tr>
    <tr>
      <td
        className="src-shared-components-Leaderboard-LeaderboardTable-___styles__col-rank___2K_CR"
      >
        1
      </td>
      <td
        className="src-shared-components-Leaderboard-LeaderboardTable-___styles__col-avatar___1xu8j"
      >
        <span
          className="src-shared-components-Leaderboard-LeaderboardTable-___styles__leaderboard-avatar___3Ly7x"
        >
          <ThemedAvatar
            composeTheme="deeply"
            customStyles={null}
            mapThemrProps={[Function]}
            theme={
              Object {
                "avatar": "src-shared-components-Leaderboard-___avatarStyles__default___1bHTz",
              }
            }
            url={null}
          />
        </span>
      </td>
      <td
        className="src-shared-components-Leaderboard-LeaderboardTable-___styles__col-handle___3Sr8G"
      >
        <a
          href="https://www.topcoder-dev.com/members/undefined/"
        />
        <div
          className="src-shared-components-Leaderboard-LeaderboardTable-___styles__winnings-info___1Fiyn"
        >
          <span>
             points
          </span>
          <span>
             challenges
          </span>
        </div>
      </td>
      <td
        className="src-shared-components-Leaderboard-LeaderboardTable-___styles__col-challenges___29htm"
      />
      <td
        className="src-shared-components-Leaderboard-LeaderboardTable-___styles__col-points___10Lis"
      />
    </tr>
  </tbody>
</table>
`;
