// Jest Snapshot v1, https://goo.gl/fbAQLP

exports[`Snapshot match 1`] = `
<main>
  <ThemedBanner
    composeTheme="deeply"
    imageSrc="/themes/wipro2/learn/banner.jpg"
    link={null}
    mapThemrProps={[Function]}
    text="IOS Community offers you an opportunity to get involved with a variety of challenging and interesting projects. It will help accelerate your learning path and open up opportunities that were not visible in the past."
    theme={
      Object {
        "container": "src-shared-components-tc-communities-communities-wipro2-Learn-___style__bannerContainer___8SKqT",
        "content": "src-shared-components-tc-communities-communities-wipro2-Learn-___style__bannerContent___27vYa",
        "contentInner": "src-shared-components-tc-communities-communities-wipro2-Learn-___style__bannerContentInner___fRgrX",
      }
    }
    title="Learning & Certification"
  />
  <ThemedSection
    composeTheme="deeply"
    link={null}
    mapThemrProps={[Function]}
    theme={
      Object {
        "container": "src-shared-components-tc-communities-communities-wipro2-Learn-___style__learnBasicsContainer___vhI3n",
      }
    }
    title="Learn The Basics"
  >
    <ThemedAccordion
      composeTheme="deeply"
      defaultSelectedIndex={0}
      mapThemrProps={[Function]}
      theme={Object {}}
    >
      <ThemedAccordionItem
        composeTheme="deeply"
        isOpen={false}
        mapThemrProps={[Function]}
        onTitleClick={[Function]}
        theme={Object {}}
        title="Joining the IOS Community"
      >
        <ThemedText
          composeTheme="deeply"
          mapThemrProps={[Function]}
          theme={Object {}}
        >
          <p>
            Nam dapibus nisl vitae elit fringilla rutrum. Aenean sollicitudin, erat a elementum rutrum, neque sem pretium metus, quis mollis nisl nunc et massa. Vestibulum sed metus in lorem tristique ullamcorper id vitae erat. Nulla mollis sapien sollicitudin lacinia lacinia. Vivamus facilisis dolor et massa placerat, at vestibulum nisl egestas. Nullam rhoncus lacus non odio luctus, eu condimentum mauris ultrices. Praesent blandit, augue a posuere aliquam, arcu tortor feugiat turpis,
          </p>
          <p>
            Nam dapibus nisl vitae elit fringilla rutrum. Aenean sollicitudin, erat a elementum rutrum, neque sem pretium metus, quis mollis nisl nunc et massa. Vestibulum sed metus in lorem tristique ullamcorper id vitae erat. Nulla mollis sapien sollicitudin lacinia lacinia. Vivamus facilisis dolor et massa placerat, at vestibulum nisl egestas. Nullam rhoncus lacus non odio luctus, eu condimentum mauris ultrices. Praesent blandit, augue a posuere aliquam, arcu tortor feugiat turpis,
          </p>
          <div
            className="src-shared-components-tc-communities-communities-wipro2-Learn-___style__joinnowWrap___2Vk_F"
          >
            <Link
              className="src-shared-components-tc-communities-communities-wipro2-Learn-___style__joinnow___mgu3E"
              replace={false}
              to="/community/wipro2/learn"
            >
              Join Now
            </Link>
          </div>
        </ThemedText>
      </ThemedAccordionItem>
      <ThemedAccordionItem
        composeTheme="deeply"
        isOpen={false}
        mapThemrProps={[Function]}
        onTitleClick={[Function]}
        theme={Object {}}
        title="How to sign up for work"
      >
        <ThemedText
          composeTheme="deeply"
          mapThemrProps={[Function]}
          theme={Object {}}
        >
          <p>
            Nam dapibus nisl vitae elit fringilla rutrum. Aenean sollicitudin, erat a elementum rutrum, neque sem pretium metus, quis mollis nisl nunc et massa. Vestibulum sed metus in lorem tristique ullamcorper id vitae erat. Nulla mollis sapien sollicitudin lacinia lacinia. Vivamus facilisis dolor et massa placerat, at vestibulum nisl egestas. Nullam rhoncus lacus non odio luctus, eu condimentum mauris ultrices. Praesent blandit, augue a posuere aliquam, arcu tortor feugiat turpis,
          </p>
        </ThemedText>
      </ThemedAccordionItem>
      <ThemedAccordionItem
        composeTheme="deeply"
        isOpen={false}
        mapThemrProps={[Function]}
        onTitleClick={[Function]}
        theme={Object {}}
        title="How to compete for work"
      >
        <ThemedText
          composeTheme="deeply"
          mapThemrProps={[Function]}
          theme={Object {}}
        >
          <p>
            Nam dapibus nisl vitae elit fringilla rutrum. Aenean sollicitudin, erat a elementum rutrum, neque sem pretium metus, quis mollis nisl nunc et massa. Vestibulum sed metus in lorem tristique ullamcorper id vitae erat. Nulla mollis sapien sollicitudin lacinia lacinia. Vivamus facilisis dolor et massa placerat, at vestibulum nisl egestas. Nullam rhoncus lacus non odio luctus, eu condimentum mauris ultrices. Praesent blandit, augue a posuere aliquam, arcu tortor feugiat turpis,
          </p>
          <p>
            Nam dapibus nisl vitae elit fringilla rutrum. Aenean sollicitudin, erat a elementum rutrum, neque sem pretium metus, quis mollis nisl nunc et massa. Vestibulum sed metus in lorem tristique ullamcorper id vitae erat. Nulla mollis sapien sollicitudin lacinia lacinia. Vivamus facilisis dolor et massa placerat, at vestibulum nisl egestas. Nullam rhoncus lacus non odio luctus, eu condimentum mauris ultrices. Praesent blandit, augue a posuere aliquam, arcu tortor feugiat turpis,
          </p>
          <div
            className="src-shared-components-tc-communities-communities-wipro2-Learn-___style__joinnowWrap___2Vk_F"
          >
            <Link
              className="src-shared-components-tc-communities-communities-wipro2-Learn-___style__joinnow___mgu3E"
              replace={false}
              to="/community/wipro2/learn"
            >
              Join Now
            </Link>
          </div>
        </ThemedText>
      </ThemedAccordionItem>
      <ThemedAccordionItem
        composeTheme="deeply"
        isOpen={false}
        mapThemrProps={[Function]}
        onTitleClick={[Function]}
        theme={Object {}}
        title="Payment & Rewards"
      >
        <ThemedText
          composeTheme="deeply"
          mapThemrProps={[Function]}
          theme={Object {}}
        >
          <p>
            Nam dapibus nisl vitae elit fringilla rutrum. Aenean sollicitudin, erat a elementum rutrum, neque sem pretium metus, quis mollis nisl nunc et massa. Vestibulum sed metus in lorem tristique ullamcorper id vitae erat. Nulla mollis sapien sollicitudin lacinia lacinia. Vivamus facilisis dolor et massa placerat, at vestibulum nisl egestas. Nullam rhoncus lacus non odio luctus, eu condimentum mauris ultrices. Praesent blandit, augue a posuere aliquam, arcu tortor feugiat turpis,
          </p>
        </ThemedText>
      </ThemedAccordionItem>
      <ThemedAccordionItem
        composeTheme="deeply"
        isOpen={false}
        mapThemrProps={[Function]}
        onTitleClick={[Function]}
        theme={Object {}}
        title="Managing your Certifications"
      >
        <ThemedText
          composeTheme="deeply"
          mapThemrProps={[Function]}
          theme={Object {}}
        >
          <p>
            Nam dapibus nisl vitae elit fringilla rutrum. Aenean sollicitudin, erat a elementum rutrum, neque sem pretium metus, quis mollis nisl nunc et massa. Vestibulum sed metus in lorem tristique ullamcorper id vitae erat. Nulla mollis sapien sollicitudin lacinia lacinia. Vivamus facilisis dolor et massa placerat, at vestibulum nisl egestas. Nullam rhoncus lacus non odio luctus, eu condimentum mauris ultrices. Praesent blandit, augue a posuere aliquam, arcu tortor feugiat turpis,
          </p>
          <p>
            Nam dapibus nisl vitae elit fringilla rutrum. Aenean sollicitudin, erat a elementum rutrum, neque sem pretium metus, quis mollis nisl nunc et massa. Vestibulum sed metus in lorem tristique ullamcorper id vitae erat. Nulla mollis sapien sollicitudin lacinia lacinia. Vivamus facilisis dolor et massa placerat, at vestibulum nisl egestas. Nullam rhoncus lacus non odio luctus, eu condimentum mauris ultrices. Praesent blandit, augue a posuere aliquam, arcu tortor feugiat turpis,
          </p>
          <div
            className="src-shared-components-tc-communities-communities-wipro2-Learn-___style__joinnowWrap___2Vk_F"
          >
            <Link
              className="src-shared-components-tc-communities-communities-wipro2-Learn-___style__joinnow___mgu3E"
              replace={false}
              to="/community/wipro2/learn"
            >
              Join Now
            </Link>
          </div>
        </ThemedText>
      </ThemedAccordionItem>
      <ThemedAccordionItem
        composeTheme="deeply"
        isOpen={false}
        mapThemrProps={[Function]}
        onTitleClick={[Function]}
        theme={Object {}}
        title="Managing your Badges"
      >
        <ThemedText
          composeTheme="deeply"
          mapThemrProps={[Function]}
          theme={Object {}}
        >
          <p>
            Nam dapibus nisl vitae elit fringilla rutrum. Aenean sollicitudin, erat a elementum rutrum, neque sem pretium metus, quis mollis nisl nunc et massa. Vestibulum sed metus in lorem tristique ullamcorper id vitae erat. Nulla mollis sapien sollicitudin lacinia lacinia. Vivamus facilisis dolor et massa placerat, at vestibulum nisl egestas. Nullam rhoncus lacus non odio luctus, eu condimentum mauris ultrices. Praesent blandit, augue a posuere aliquam, arcu tortor feugiat turpis,
          </p>
        </ThemedText>
      </ThemedAccordionItem>
      <ThemedAccordionItem
        composeTheme="deeply"
        isOpen={false}
        mapThemrProps={[Function]}
        onTitleClick={[Function]}
        theme={Object {}}
        title="Updating your Profile"
      >
        <ThemedText
          composeTheme="deeply"
          mapThemrProps={[Function]}
          theme={Object {}}
        >
          <p>
            Nam dapibus nisl vitae elit fringilla rutrum. Aenean sollicitudin, erat a elementum rutrum, neque sem pretium metus, quis mollis nisl nunc et massa. Vestibulum sed metus in lorem tristique ullamcorper id vitae erat. Nulla mollis sapien sollicitudin lacinia lacinia. Vivamus facilisis dolor et massa placerat, at vestibulum nisl egestas. Nullam rhoncus lacus non odio luctus, eu condimentum mauris ultrices. Praesent blandit, augue a posuere aliquam, arcu tortor feugiat turpis,
          </p>
        </ThemedText>
      </ThemedAccordionItem>
    </ThemedAccordion>
  </ThemedSection>
  <ThemedSection
    composeTheme="deeply"
    link={
      Object {
        "title": "View All",
        "url": "/community/wipro2/learn",
      }
    }
    mapThemrProps={[Function]}
    theme={
      Object {
        "container": "src-shared-components-tc-communities-communities-wipro2-Learn-___style__coursesContainer___39UQE",
      }
    }
    title="Courses and Tutorials"
  >
    <ThemedArticleCard
      composeTheme="deeply"
      imageSrc="/themes/wipro2/learn/courses-01.jpg"
      link={
        Object {
          "title": "Read More",
          "url": "/community/wipro2/learn",
        }
      }
      mapThemrProps={[Function]}
      text="There are advances being made in science and technology everyday, and a good example of this is the LCD monitor. LCD monitors have"
      theme={Object {}}
      title="What You Need to Join a Challenge"
    />
    <ThemedArticleCard
      composeTheme="deeply"
      imageSrc="/themes/wipro2/learn/courses-02.jpg"
      link={
        Object {
          "title": "Read More",
          "url": "/community/wipro2/learn",
        }
      }
      mapThemrProps={[Function]}
      text="Planning to visit Las Vegas or any other vacational resort where casinos are a major portion of their business? I have just the thing for"
      theme={Object {}}
      title="An Ugly Myspace Profile Will Sure Ruin Your Reputation"
    />
    <ThemedArticleCard
      composeTheme="deeply"
      imageSrc="/themes/wipro2/learn/courses-03.jpg"
      link={
        Object {
          "title": "Read More",
          "url": "/community/wipro2/learn",
        }
      }
      mapThemrProps={[Function]}
      text="If you are in the market for a computer, there are a number of factors to consider. Will it be used for your home, your office or"
      theme={Object {}}
      title="3 Simple Ways Work Fast in Competition"
    />
  </ThemedSection>
  <ThemedSection
    composeTheme="deeply"
    link={null}
    mapThemrProps={[Function]}
    theme={
      Object {
        "container": "src-shared-components-tc-communities-communities-wipro2-Learn-___style__resourcesContainer___aJUAu",
        "title": "src-shared-components-tc-communities-communities-wipro2-Learn-___style__resourcesTitle___rmGNm",
      }
    }
    title="Resources"
  >
    <ThemedLinksCard
      composeTheme="deeply"
      links={
        Array [
          Object {
            "title": "Nam dapibus nisl vitae elit fringilla",
            "url": "/community/wipro2/learn",
          },
          Object {
            "title": "Aenean sollicitudin",
            "url": "/community/wipro2/learn",
          },
          Object {
            "title": "Erat a elementum rutrum",
            "url": "/community/wipro2/learn",
          },
          Object {
            "title": "Neque sem pretium metus",
            "url": "/community/wipro2/learn",
          },
        ]
      }
      mapThemrProps={[Function]}
      theme={Object {}}
      title="Documents"
    />
    <ThemedLinksCard
      composeTheme="deeply"
      links={
        Array [
          Object {
            "title": "Tristique ullamcorper id vitae",
            "url": "/community/wipro2/learn",
          },
          Object {
            "title": "Nulla mollis sapien sollicitudin",
            "url": "/community/wipro2/learn",
          },
          Object {
            "title": "Vivamus facilisis dolor et massa",
            "url": "/community/wipro2/learn",
          },
          Object {
            "title": "Vestibulum nisl egestas",
            "url": "/community/wipro2/learn",
          },
        ]
      }
      mapThemrProps={[Function]}
      theme={Object {}}
      title="Videos"
    />
    <ThemedLinksCard
      composeTheme="deeply"
      links={
        Array [
          Object {
            "title": "Nam dapibus nisl vitae elit fringilla",
            "url": "/community/wipro2/learn",
          },
          Object {
            "title": "Aenean sollicitudin",
            "url": "/community/wipro2/learn",
          },
          Object {
            "title": "Erat a elementum rutrum",
            "url": "/community/wipro2/learn",
          },
          Object {
            "title": "Neque sem pretium metus",
            "url": "/community/wipro2/learn",
          },
        ]
      }
      mapThemrProps={[Function]}
      theme={Object {}}
      title="Useful Links"
    />
  </ThemedSection>
  <ThemedNewsletterSignup
    buttonText="Sign Up"
    composeTheme="deeply"
    emailPlaceholder="Email address"
    imageSrc="/themes/wipro2/subscribe-bg.jpg"
    mapThemrProps={[Function]}
    text="Don’t miss out on the latest Topcoder IOS challenges and information!"
    theme={Object {}}
    title="Sign up for our newsletter"
  />
</main>
`;
