// Jest Snapshot v1, https://goo.gl/fbAQLP

exports[`Snapshot match 1`] = `
<Banner
  imageSrc="/themes/wipro/home/banner.jpg"
  link={null}
  text="You’re eager to get started, and we have a bunch of iOS/Swift challenges!"
  theme={
    Object {
      "container": "src-shared-components-tc-communities-Banner-___style__container___2NxGp",
      "content": "src-shared-components-tc-communities-Banner-___style__content___21lXO",
      "contentBg": "src-shared-components-tc-communities-Banner-___style__contentBg___145Ln",
      "contentInner": "src-shared-components-tc-communities-Banner-___style__contentInner___3w8VH",
      "text": "src-shared-components-tc-communities-Banner-___style__text___-lkXi",
      "title": "src-shared-components-tc-communities-Banner-___style__title___GMY8V",
    }
  }
  title="iOS"
/>
`;

exports[`Snapshot match 2`] = `
<Banner
  imageSrc="/themes/wipro/home/banner.jpg"
  link={
    Object {
      "title": "Compete Now",
      "url": "#",
    }
  }
  text="You’re eager to get started, and we have a bunch of iOS/Swift challenges!"
  theme={
    Object {
      "container": "container src-shared-components-tc-communities-Banner-___style__container___2NxGp",
      "content": "content src-shared-components-tc-communities-Banner-___style__content___21lXO",
      "contentBg": "contentBg src-shared-components-tc-communities-Banner-___style__contentBg___145Ln",
      "contentInner": "contentInner src-shared-components-tc-communities-Banner-___style__contentInner___3w8VH",
      "link": "link",
      "linkWrap": "linkWrap",
      "text": "text src-shared-components-tc-communities-Banner-___style__text___-lkXi",
      "title": "title src-shared-components-tc-communities-Banner-___style__title___GMY8V",
    }
  }
  title="iOS"
/>
`;
