// Jest Snapshot v1, https://goo.gl/fbAQLP

exports[`Snapshot match 1`] = `
<ThemedSection
  composeTheme="deeply"
  link={null}
  mapThemrProps={[Function]}
  theme={
    Object {
      "container": "src-shared-components-tc-communities-GroupStats-___style__container___1W4kT",
      "content": "src-shared-components-tc-communities-GroupStats-___style__content___A4OK1",
    }
  }
  title={null}
>
  <ThemedIconStat
    composeTheme="deeply"
    icon={[Function]}
    label="Challenges"
    mapThemrProps={[Function]}
    number={10}
    theme={Object {}}
  />
  <ThemedIconStat
    composeTheme="deeply"
    icon={[Function]}
    label="Members"
    mapThemrProps={[Function]}
    number={20}
    theme={Object {}}
  />
  <ThemedIconStat
    composeTheme="deeply"
    icon={[Function]}
    label="Projects"
    mapThemrProps={[Function]}
    number={30}
    theme={Object {}}
  />
  <ThemedIconStat
    composeTheme="deeply"
    icon={[Function]}
    label="Prizes"
    mapThemrProps={[Function]}
    number={40}
    theme={Object {}}
  />
</ThemedSection>
`;

exports[`Snapshot match 2`] = `null`;
