// Jest Snapshot v1, https://goo.gl/fbAQLP

exports[`Snapshot match 1`] = `
<div
  className="container src-shared-components-tc-communities-IconStat-___style__container___145TJ"
>
  <div />
  <div
    className={undefined}
  >
    <p
      className="number src-shared-components-tc-communities-IconStat-___style__number___3GKcu"
    >
      5
    </p>
    <p
      className="label src-shared-components-tc-communities-IconStat-___style__label___3v7Pl"
    >
      Projects
    </p>
  </div>
</div>
`;
