// Jest Snapshot v1, https://goo.gl/fbAQLP

exports[`Matches snapshot 1`] = `
<div
  className="src-shared-components-TopcoderHeader-mobile-Menu-___style__menu___1J_mX"
>
  <div
    className="src-shared-components-TopcoderHeader-mobile-Menu-___style__title___iaK5e"
  >
    <LogoTopcoder
      className="src-shared-components-TopcoderHeader-mobile-Menu-___style__tc-logo___M9-Yv"
      height="18"
      viewBox="0 0 51 18"
      width="51"
      xmlns="http://www.w3.org/2000/svg"
    />
    [ topcoder ]
    <span
      className="src-shared-components-TopcoderHeader-mobile-Menu-___style__x-cross___1n8Tt"
      onClick={[Function]}
      onKeyPress={[Function]}
      role="button"
      tabIndex={0}
    >
      Ã—
    </span>
  </div>
  <Search />
  <Auth
    column={true}
  />
  <div
    className="src-shared-components-TopcoderHeader-mobile-Menu-___style__separator___3EX43"
  />
  <SubMenu
    hideTitle={false}
    subMenu={
      Object {
        "items": Array [
          Object {
            "icon": <div />,
            "link": "/LINK",
            "title": "Item title",
          },
        ],
        "title": "Menu title",
      }
    }
  />
</div>
`;
